[p.w3layouts.com/demos/my_play/web/index.html]
[backblue.gif]
[fade.gif]
[index.html]
[p.w3layouts.com/demos/my_play/web/css/bootstrap.min.css]
[p.w3layouts.com/demos/my_play/web/css/dashboard.css]
[p.w3layouts.com/demos/my_play/web/css/style.css]
[ajax.googleapis.com/ajax/libs/jquery/1.10.2/jquery.min.js]
[p.w3layouts.com/demos/my_play/web/js/jquery-1.11.1.min.js]
[www.google-analytics.com/analytics.js]
[cdn.fancybar.net/ac/fancybar6a2f.js]
[pagead2.googlesyndication.com/pagead/js/f.txt]
[p.w3layouts.com/demos/my_play/web/index-2.html]
[p.w3layouts.com/demos/my_play/web/images/logo.png]
[p.w3layouts.com/demos/my_play/web/upload.html]
[p.w3layouts.com/demos/my_play/web/js/modernizr.custom.min.js]
[p.w3layouts.com/demos/my_play/web/css/popuo-box.css]
[p.w3layouts.com/demos/my_play/web/js/jquery.magnific-popup.js]
[p.w3layouts.com/demos/my_play/web/images/lines.png]
[p.w3layouts.com/demos/my_play/web/shows.html]
[p.w3layouts.com/demos/my_play/web/history.html]
[p.w3layouts.com/demos/my_play/web/movies.html]
[p.w3layouts.com/demos/my_play/web/sports.html]
[p.w3layouts.com/demos/my_play/web/news.html]
[p.w3layouts.com/demos/my_play/web/single.html]
[p.w3layouts.com/demos/my_play/web/images/t1.jpg]
[p.w3layouts.com/demos/my_play/web/images/t2.jpg]
[p.w3layouts.com/demos/my_play/web/images/t3.jpg]
[p.w3layouts.com/demos/my_play/web/js/responsiveslides.min.js]
[p.w3layouts.com/demos/my_play/web/images/c.jpg]
[p.w3layouts.com/demos/my_play/web/images/c1.jpg]
[p.w3layouts.com/demos/my_play/web/images/c2.jpg]
[p.w3layouts.com/demos/my_play/web/images/c3.jpg]
[p.w3layouts.com/demos/my_play/web/images/r1.jpg]
[p.w3layouts.com/demos/my_play/web/images/r2.jpg]
[p.w3layouts.com/demos/my_play/web/images/r3.jpg]
[p.w3layouts.com/demos/my_play/web/images/r4.jpg]
[p.w3layouts.com/demos/my_play/web/images/r5.jpg]
[p.w3layouts.com/demos/my_play/web/images/r6.jpg]
[p.w3layouts.com/demos/my_play/web/images/g.jpg]
[p.w3layouts.com/demos/my_play/web/images/g1.jpg]
[p.w3layouts.com/demos/my_play/web/images/g2.jpg]
[p.w3layouts.com/demos/my_play/web/images/g3.jpg]
[p.w3layouts.com/demos/my_play/web/images/we2.jpg]
[p.w3layouts.com/demos/my_play/web/images/we1.jpg]
[p.w3layouts.com/demos/my_play/web/images/we4.jpg]
[p.w3layouts.com/demos/my_play/web/images/we3.jpg]
[p.w3layouts.com/demos/my_play/web/about.html]
[p.w3layouts.com/demos/my_play/web/press.html]
[p.w3layouts.com/demos/my_play/web/copyright.html]
[p.w3layouts.com/demos/my_play/web/creators.html]
[p.w3layouts.com/demos/my_play/web/developers.html]
[p.w3layouts.com/demos/my_play/web/terms.html]
[p.w3layouts.com/demos/my_play/web/privacy.html]
[p.w3layouts.com/demos/my_play/web/try.html]
[p.w3layouts.com/demos/my_play/web/index.html]
[p.w3layouts.com/demos/my_play/web/js/bootstrap.min.js]
[p.w3layouts.com/demos/my_play/web/fonts/glyphicons-halflings-regular.eot]
[p.w3layouts.com/demos/my_play/web/fonts/glyphicons-halflings-regulard41d.eot]
[p.w3layouts.com/demos/my_play/web/fonts/glyphicons-halflings-regular.woff2]
[p.w3layouts.com/demos/my_play/web/fonts/glyphicons-halflings-regular.woff]
[p.w3layouts.com/demos/my_play/web/css/bootstrap.min.css]
[p.w3layouts.com/demos/my_play/web/css/dashboard.css]
[p.w3layouts.com/demos/my_play/web/fonts/glyphicons-halflings-regular.svg]
[p.w3layouts.com/demos/my_play/web/fonts/glyphicons-halflings-regular.ttf]
[p.w3layouts.com/demos/my_play/web/images/9.png]
[p.w3layouts.com/demos/my_play/web/images/themes.png]
[p.w3layouts.com/demos/my_play/web/images/img-resources.png]
[p.w3layouts.com/demos/my_play/web/images/u12.png]
[p.w3layouts.com/demos/my_play/web/images/select-arrow.png]
[p.w3layouts.com/demos/my_play/web/images/12.png]
[p.w3layouts.com/demos/my_play/web/images/13.png]
[p.w3layouts.com/demos/my_play/web/images/like.png]
[p.w3layouts.com/demos/my_play/web/images/fb.png]
[p.w3layouts.com/demos/my_play/web/images/rss.png]
[p.w3layouts.com/demos/my_play/web/images/dribbble.png]
[p.w3layouts.com/demos/my_play/web/images/twitter.png]
[p.w3layouts.com/demos/my_play/web/images/pinterest.png]
[p.w3layouts.com/demos/my_play/web/images/behance.png]
[p.w3layouts.com/demos/my_play/web/images/whatsapp.png]
[p.w3layouts.com/demos/my_play/web/images/comment.png]
[p.w3layouts.com/demos/my_play/web/images/view.png]
[p.w3layouts.com/demos/my_play/web/images/dev-img.jpg]
[p.w3layouts.com/demos/my_play/web/images/create.jpg]
[p.w3layouts.com/demos/my_play/web/images/try-banner.jpg]
[p.w3layouts.com/demos/my_play/web/images/h-arrow.png]
[p.w3layouts.com/demos/my_play/web/images/social.png]
[p.w3layouts.com/demos/my_play/web/css/style.css]
[p.w3layouts.com/demos/my_play/web/index-2.html]
[p.w3layouts.com/demos/my_play/web/upload.html]
[p.w3layouts.com/demos/my_play/web/images/fb1.png]
[p.w3layouts.com/demos/my_play/web/images/ch1.png]
[p.w3layouts.com/demos/my_play/web/css/popuo-box.css]
[p.w3layouts.com/demos/my_play/web/images/eg1.jpg]
[p.w3layouts.com/demos/my_play/web/images/eg2.jpg]
[p.w3layouts.com/demos/my_play/web/images/eg3.jpg]
[p.w3layouts.com/demos/my_play/web/images/eg4.jpg]
[p.w3layouts.com/demos/my_play/web/images/my1.jpg]
[p.w3layouts.com/demos/my_play/web/images/my2.jpg]
[p.w3layouts.com/demos/my_play/web/images/my3.jpg]
[p.w3layouts.com/demos/my_play/web/images/my4.jpg]
[p.w3layouts.com/demos/my_play/web/images/my5.jpg]
[p.w3layouts.com/demos/my_play/web/images/my6.jpg]
[p.w3layouts.com/demos/my_play/web/images/mt1.jpg]
[p.w3layouts.com/demos/my_play/web/images/mt2.jpg]
[p.w3layouts.com/demos/my_play/web/images/mt3.jpg]
[p.w3layouts.com/demos/my_play/web/images/mt4.jpg]
[p.w3layouts.com/demos/my_play/web/images/mt5.jpg]
[p.w3layouts.com/demos/my_play/web/images/mt6.jpg]
[p.w3layouts.com/demos/my_play/web/images/ma1.jpg]
[p.w3layouts.com/demos/my_play/web/images/ma2.jpg]
[p.w3layouts.com/demos/my_play/web/images/ma3.jpg]
[p.w3layouts.com/demos/my_play/web/images/ma4.jpg]
[p.w3layouts.com/demos/my_play/web/images/ma5.jpg]
[p.w3layouts.com/demos/my_play/web/images/ma6.jpg]
[p.w3layouts.com/demos/my_play/web/images/tv.png]
[p.w3layouts.com/demos/my_play/web/shows.html]
[p.w3layouts.com/demos/my_play/web/history.html]
[p.w3layouts.com/demos/my_play/web/images/mv1.jpg]
[p.w3layouts.com/demos/my_play/web/images/mv2.jpg]
[p.w3layouts.com/demos/my_play/web/images/mv3.jpg]
[p.w3layouts.com/demos/my_play/web/images/mv4.jpg]
[p.w3layouts.com/demos/my_play/web/images/ch1.jpg]
[p.w3layouts.com/demos/my_play/web/images/ch2.jpg]
[p.w3layouts.com/demos/my_play/web/images/ch3.jpg]
[p.w3layouts.com/demos/my_play/web/images/ch4.jpg]
[p.w3layouts.com/demos/my_play/web/images/h1.jpg]
[p.w3layouts.com/demos/my_play/web/images/h2.jpg]
[p.w3layouts.com/demos/my_play/web/images/h3.jpg]
[p.w3layouts.com/demos/my_play/web/images/h4.jpg]
[p.w3layouts.com/demos/my_play/web/images/tm1.jpg]
[p.w3layouts.com/demos/my_play/web/images/tm2.jpg]
[p.w3layouts.com/demos/my_play/web/images/tm3.jpg]
[p.w3layouts.com/demos/my_play/web/images/tm4.jpg]
[p.w3layouts.com/demos/my_play/web/images/mv.png]
[p.w3layouts.com/demos/my_play/web/movies.html]
[p.w3layouts.com/demos/my_play/web/images/sp1.jpg]
[p.w3layouts.com/demos/my_play/web/images/sp2.jpg]
[p.w3layouts.com/demos/my_play/web/images/sp3.jpg]
[p.w3layouts.com/demos/my_play/web/images/sp4.jpg]
[p.w3layouts.com/demos/my_play/web/images/sp5.jpg]
[p.w3layouts.com/demos/my_play/web/images/sp6.jpg]
[p.w3layouts.com/demos/my_play/web/sports.html]
[p.w3layouts.com/demos/my_play/web/images/n7.jpg]
[p.w3layouts.com/demos/my_play/web/images/n8.jpg]
[p.w3layouts.com/demos/my_play/web/images/n9.jpg]
[p.w3layouts.com/demos/my_play/web/images/n10.jpg]
[p.w3layouts.com/demos/my_play/web/images/n11.jpg]
[p.w3layouts.com/demos/my_play/web/images/n12.jpg]
[p.w3layouts.com/demos/my_play/web/images/n1.jpg]
[p.w3layouts.com/demos/my_play/web/images/n2.jpg]
[p.w3layouts.com/demos/my_play/web/images/n3.jpg]
[p.w3layouts.com/demos/my_play/web/images/n4.jpg]
[p.w3layouts.com/demos/my_play/web/images/n5.jpg]
[p.w3layouts.com/demos/my_play/web/images/n6.jpg]
[p.w3layouts.com/demos/my_play/web/news.html]
[p.w3layouts.com/demos/my_play/web/jquery.min.js]
[p.w3layouts.com/demos/my_play/web/single.html]
[p.w3layouts.com/demos/my_play/web/about.html]
[p.w3layouts.com/demos/my_play/web/press.html]
[p.w3layouts.com/demos/my_play/web/copyright.html]
[p.w3layouts.com/demos/my_play/web/creators.html]
[p.w3layouts.com/demos/my_play/web/developers.html]
[p.w3layouts.com/demos/my_play/web/terms.html]
[p.w3layouts.com/demos/my_play/web/privacy.html]
[p.w3layouts.com/demos/my_play/web/images/try.jpg]
[p.w3layouts.com/demos/my_play/web/try.html]
[p.w3layouts.com/demos/my_play/web/fonts/glyphicons-halflings-regular.svg]
[p.w3layouts.com/demos/my_play/web/images/img-resources.html]
[p.w3layouts.com/demos/my_play/web/jquery.min.html]
